D:\Google Drive\AppDynamics\Eclipse Projects\dm-downloader\src\main\java\pablo\dm\objects\LockArray.java
D:\Google Drive\AppDynamics\Eclipse Projects\dm-downloader\src\main\java\pablo\dm\objects\BTSegmentDescriptor.java
D:\Google Drive\AppDynamics\Eclipse Projects\dm-downloader\src\main\java\pablo\dm\objects\CallGraphNode.java
D:\Google Drive\AppDynamics\Eclipse Projects\dm-downloader\src\main\java\pablo\dm\objects\SnapshotSearchCriteria.java
D:\Google Drive\AppDynamics\Eclipse Projects\dm-downloader\src\main\java\pablo\dm\dm_downloader\App.java
D:\Google Drive\AppDynamics\Eclipse Projects\dm-downloader\src\main\java\pablo\dm\dm_downloader\Controller\Exceptions\ControllerException.java
D:\Google Drive\AppDynamics\Eclipse Projects\dm-downloader\src\main\java\pablo\dm\dm_downloader\Controller\Exceptions\ControllerAuthException.java
D:\Google Drive\AppDynamics\Eclipse Projects\dm-downloader\src\main\java\pablo\dm\objects\RangeSpecifier.java
D:\Google Drive\AppDynamics\Eclipse Projects\dm-downloader\src\main\java\pablo\dm\dm_downloader\Controller\ControllerInfo.java
D:\Google Drive\AppDynamics\Eclipse Projects\dm-downloader\src\main\java\pablo\dm\dm_downloader\utils\Utils.java
D:\Google Drive\AppDynamics\Eclipse Projects\dm-downloader\src\main\java\pablo\dm\objects\CallGraph.java
D:\Google Drive\AppDynamics\Eclipse Projects\dm-downloader\src\main\java\pablo\dm\objects\ExitCalls.java
D:\Google Drive\AppDynamics\Eclipse Projects\dm-downloader\src\main\java\pablo\dm\objects\BaseObject.java
D:\Google Drive\AppDynamics\Eclipse Projects\dm-downloader\src\main\java\pablo\dm\dm_downloader\Controller\ControllerClient.java
D:\Google Drive\AppDynamics\Eclipse Projects\dm-downloader\src\main\java\pablo\dm\objects\ExitCallProperty.java
D:\Google Drive\AppDynamics\Eclipse Projects\dm-downloader\src\main\java\pablo\dm\objects\BTSegmentList.java
